// Jest Snapshot v1, https://goo.gl/fbAQLP

exports[`PortfolioSection renders 1`] = `
Array [
  <style
    dangerouslySetInnerHTML={
      Object {
        "__html": ".css-1vwm2gx{margin-top:40px;}",
      }
    }
    data-emotion="css 1vwm2gx"
  />,
  <div
    className="css-1vwm2gx"
  >
    <style
      dangerouslySetInnerHTML={
        Object {
          "__html": ".css-1rwl4uc{border:1px solid transparent;border-radius:10px;display:-webkit-box;display:-webkit-flex;display:-ms-flexbox;display:flex;padding:0 20px;display:-webkit-box;display:-webkit-flex;display:-ms-flexbox;display:flex;-webkit-box-pack:start;-ms-flex-pack:start;-webkit-justify-content:start;justify-content:start;}",
        }
      }
      data-emotion="css 1rwl4uc"
    />
    <div
      className="css-1rwl4uc"
    >
      <style
        dangerouslySetInnerHTML={
          Object {
            "__html": ".css-1inivuc{width:200px;}",
          }
        }
        data-emotion="css 1inivuc"
      />
      <div
        className="css-1inivuc"
      >
        <style
          dangerouslySetInnerHTML={
            Object {
              "__html": ".css-77dcaw{font-size:11px;margin-bottom:6px;display:block;font-weight:500;}",
            }
          }
          data-emotion="css 77dcaw"
        />
        <label
          className="css-77dcaw"
        >
          Asset
        </label>
      </div>
      <style
        dangerouslySetInnerHTML={
          Object {
            "__html": ".css-1rfg5hd{width:180px;}",
          }
        }
        data-emotion="css 1rfg5hd"
      />
      <div
        className="css-1rfg5hd"
      >
        <label
          className="css-77dcaw"
        >
          Total
        </label>
      </div>
      <style
        dangerouslySetInnerHTML={
          Object {
            "__html": ".css-hscz2w{width:80px;}",
          }
        }
        data-emotion="css hscz2w"
      />
      <div
        className="css-hscz2w"
      >
        <label
          className="css-77dcaw"
        >
          Available
        </label>
      </div>
      <div
        className="css-hscz2w"
      >
        <label
          className="css-77dcaw"
        >
          Locked
        </label>
      </div>
    </div>
    <style
      dangerouslySetInnerHTML={
        Object {
          "__html": ".css-hh9nq6{background-color:white;border:1px solid lightgray;border-radius:10px;display:-webkit-box;display:-webkit-flex;display:-ms-flexbox;display:flex;padding:20px;-webkit-box-pack:start;-ms-flex-pack:start;-webkit-justify-content:start;justify-content:start;margin-bottom:10px;}",
        }
      }
      data-emotion="css hh9nq6"
    />
    <div
      className="css-hh9nq6"
    >
      <div
        className="css-1inivuc"
      >
        <style
          dangerouslySetInnerHTML={
            Object {
              "__html": ".css-mr3j8u{font-size:14px;}",
            }
          }
          data-emotion="css mr3j8u"
        />
        <div
          className="css-mr3j8u"
        >
          KAVA
        </div>
        <style
          dangerouslySetInnerHTML={
            Object {
              "__html": ".css-wx0j7l{margin-top:4px;font-size:10px;color:gray;}",
            }
          }
          data-emotion="css wx0j7l"
        />
        <div
          className="css-wx0j7l"
        >
          $
          4.06
        </div>
      </div>
      <div
        className="css-1rfg5hd"
      >
        <div
          className="css-mr3j8u"
        >
          35.862256
           
          KAVA
        </div>
        <div
          className="css-wx0j7l"
        >
          $
          145.49
        </div>
      </div>
      <div
        className="css-hscz2w"
      >
        <div
          className="css-mr3j8u"
        >
          $
          99.05
        </div>
      </div>
      <div
        className="css-hscz2w"
      >
        <div
          className="css-mr3j8u"
        >
          $
          46.44
        </div>
      </div>
    </div>
  </div>,
]
`;
